// Jest Snapshot v1, https://goo.gl/fbAQLP

exports[`<Product/> Renders anf matches the snapshot 1`] = `
<div>
  <div
    class="ItemStyles-sc-16pk14u-0 fAcGEr"
  >
    <img
      alt="dogs are best"
      src="dog.jpg"
    />
    <h3
      class="TitleStyles-sc-ivt2zh-0 cpTxwY"
    >
      <a
        href="/product/abc123"
      >
        dogs are best
      </a>
    </h3>
    <span
      class="PriceTagStyles-sc-1rye5zs-0 fiAbGV"
    >
      $50
    </span>
    <p>
      dogs
    </p>
    <div
      class="buttonList"
    >
      <a
        href="/update?id=abc123"
      >
        Edit ✏️
      </a>
      <button
        type="button"
      >
        Add
         To Cart 🛒
      </button>
      <button
        type="button"
      >
        Delete
      </button>
    </div>
  </div>
</div>
`;
